// Jest Snapshot v1, https://goo.gl/fbAQLP

exports[`Card test is working 1`] = `
<div
  className="card"
  data-tid="Card"
  onClick={[Function]}
>
  <img
    src="/img/cards/undefined.png"
  />
</div>
`;

exports[`Card test is working 2`] = `
<div
  className="card"
  data-tid="Card"
  onClick={[Function]}
>
  <img
    src="/img/cards/undefined.png"
  />
</div>
`;
